
repeat (100) {
    "THE QUICK BROWN FOX JUMPS OVER THE LAZY DOG"
}
