
# Data repeated by all of the length codes plus the extra data we need to write to ensure enough data for the distance test
<dec
repeat (127) { 0...255 }
0...90

repeat (57) { 90 }
84...86
86...88
58...60
60...62
32...34
34...36
230...232
232...234
172...174
174...176
50...52
52...54
184...186
186...188
190...192
192...194
196...198
198...200
202...204
204...206
208...210
210...212
214...216
216...218
220...222
222...224
226...228
228...230
232...234
234...236
238...240
240...242
244...246
246...248
250...252
252...254
0...2
