
repeat (22) {
    "THE QUICK BROWN FOX JUMPS OVER THE LAZY DOG"
}
