
"This is from the first block\n"
"This is from the second block\n"
