
repeat (55) {
    "This tests overlapped writes"
}
