
# Data repeated by all of the length codes
<dec
repeat (269) { 0...255 }
0...59

# Data written by all of the distance codes
repeat (57) { 59 }
53 54 55
55 56 57
27 28 29
29 30 31
1 2 3
3 4 5
199 200 201
201 202 203
141 142 143
143 144 145
19 20 21
21 22 23
153 154 155
155 156 157
159 160 161
161 162 163
165 166 167
167 168 169
171 172 173
173 174 175
177 178 179
179 180 181
183 184 185
185 186 187
189 190 191
191 192 193
195 196 197
197 198 199
201 202 203
203 204 205
207 208 209
209 210 211
213 214 215
215 216 217
219 220 221
221 222 223
225 226 227
227 228 229
231 232 233
233 234 235
237 238 239
