
repeat (28) {
    "This tests overlapped writes"
}

repeat (259) { 0 }
