
repeat (144) {
    "London Bridge is falling down,\n"
    "Falling down, falling down,\n"
    "London Bridge is falling down,\n"
    "My fair Lady.\n"
    "\n"
    "Build it up with wood and clay,\n"
    "Wood and clay, wood and clay,\n"
    "Build it up with wood and clay,\n"
    "My fair Lady.\n"
    "\n"
    "Wood and clay will wash away,\n"
    "Wash away, wash away,\n"
    "Wood and clay will wash away,\n"
    "My fair Lady.\n"
    "\n"
    "Build it up with bricks and mortar,\n"
    "Bricks and mortar, bricks and mortar,\n"
    "Build it up with bricks and mortar,\n"
    "My fair Lady.\n"
    "\n"
    "Bricks and mortar will not stay,\n"
    "Will not stay, will not stay,\n"
    "Bricks and mortar will not stay,\n"
    "My fair Lady.\n"
    "\n"
    "Build it up with iron and steel,\n"
    "Iron and steel, iron and steel,\n"
    "Build it up with iron and steel,\n"
    "My fair Lady.\n"
    "\n"
    "Iron and steel will bend and bow,\n"
    "Bend and bow, bend and bow,\n"
    "Iron and steel will bend and bow,\n"
    "My fair Lady.\n"
    "\n"
    "Build it up with silver and gold,\n"
    "Silver and gold, silver and gold,\n"
    "Build it up with silver and gold,\n"
    "My fair Lady.\n"
    "\n"
    "Silver and gold will be stolen away,\n"
    "Stolen away, stolen away,\n"
    "Silver and gold will be stolen away,\n"
    "My fair Lady.\n"
    "\n"
    "Set a man to watch all nigh,\n"
    "Watch all night, watch all night,\n"
    "Set a man to watch all night,\n"
    "My fair Lady.\n"
    "\n"
    "Suppose the man should fall asleep,\n"
    "Fall asleep, fall asleep,\n"
    "Suppose the man should fall asleep?\n"
    "My fair Lady.\n"
    "\n"
    "Give him a pipe to smoke all night,\n"
    "Smoke all night, smoke all night,\n"
    "Give him a pipe to smoke all night,\n"
    "My fair Lady.\n"
}

repeat (1024) { 0 }

repeat (48) {
    "London Bridge is falling down,\n"
    "Falling down, falling down,\n"
    "London Bridge is falling down,\n"
    "My fair Lady.\n"
    "\n"
    "Build it up with wood and clay,\n"
    "Wood and clay, wood and clay,\n"
    "Build it up with wood and clay,\n"
    "My fair Lady.\n"
    "\n"
    "Wood and clay will wash away,\n"
    "Wash away, wash away,\n"
    "Wood and clay will wash away,\n"
    "My fair Lady.\n"
    "\n"
    "Build it up with bricks and mortar,\n"
    "Bricks and mortar, bricks and mortar,\n"
    "Build it up with bricks and mortar,\n"
    "My fair Lady.\n"
    "\n"
    "Bricks and mortar will not stay,\n"
    "Will not stay, will not stay,\n"
    "Bricks and mortar will not stay,\n"
    "My fair Lady.\n"
    "\n"
    "Build it up with iron and steel,\n"
    "Iron and steel, iron and steel,\n"
    "Build it up with iron and steel,\n"
    "My fair Lady.\n"
    "\n"
    "Iron and steel will bend and bow,\n"
    "Bend and bow, bend and bow,\n"
    "Iron and steel will bend and bow,\n"
    "My fair Lady.\n"
    "\n"
    "Build it up with silver and gold,\n"
    "Silver and gold, silver and gold,\n"
    "Build it up with silver and gold,\n"
    "My fair Lady.\n"
    "\n"
    "Silver and gold will be stolen away,\n"
    "Stolen away, stolen away,\n"
    "Silver and gold will be stolen away,\n"
    "My fair Lady.\n"
    "\n"
    "Set a man to watch all nigh,\n"
    "Watch all night, watch all night,\n"
    "Set a man to watch all night,\n"
    "My fair Lady.\n"
    "\n"
    "Suppose the man should fall asleep,\n"
    "Fall asleep, fall asleep,\n"
    "Suppose the man should fall asleep?\n"
    "My fair Lady.\n"
    "\n"
    "Give him a pipe to smoke all night,\n"
    "Smoke all night, smoke all night,\n"
    "Give him a pipe to smoke all night,\n"
    "My fair Lady.\n"
}
