
"This is from the first uncompressed block.\n"
"This is from the second uncompressed block.\n"
