
"Three blind mice.\n"
"Three blind mice.\n"
"See how they run.\n"
"See how they run.\n"
"They all ran after the farmer's wife,\n"
"Who cut off their tails with a carving knife.\n"
"Did you ever see such a sight in your life\n"
"As three blind mice?\n"
