
# Corresponds to 'uncompressed.single.in'. The output is just the bytes 0-255
00...FF
